
> flowbite-react-template-cra@0.1.0 build
> react-scripts build

Creating an optimized production build...
Compiled with warnings.

[eslint] 
src\components\Content\AssignTask\AssignTask.jsx
  Line 24:10:  'replacementModal' is assigned a value but never used     no-unused-vars
  Line 24:28:  'setReplacementModal' is assigned a value but never used  no-unused-vars

src\components\Content\Attendance\Attendance.jsx
  Line 24:10:  Classnames 'w-full, h-full' could be replaced by the 'size-full' shorthand!           tailwindcss/enforces-shorthand
  Line 90:26:  Classnames 'after:h-5, after:w-5' could be replaced by the 'after:size-5' shorthand!  tailwindcss/enforces-shorthand

src\components\Content\Comission.jsx
  Line 20:10:  Classnames 'w-full, h-full' could be replaced by the 'size-full' shorthand!  tailwindcss/enforces-shorthand

src\components\Content\Content.jsx
  Line 17:10:  Classnames 'h-full, w-full' could be replaced by the 'size-full' shorthand!  tailwindcss/enforces-shorthand

src\components\Content\Documents.jsx
  Line 6:10:   Classnames 'w-full, h-full' could be replaced by the 'size-full' shorthand!  tailwindcss/enforces-shorthand
  Line 22:14:  The arbitrary class 'h-[80%]' could be replaced by 'h-4/5'                   tailwindcss/no-unnecessary-arbitrary-value

src\components\Content\Dressstock\Dressstock.jsx
  Line 14:16:  'setData' is assigned a value but never used                                 no-unused-vars
  Line 38:10:  Classnames 'w-full, h-full' could be replaced by the 'size-full' shorthand!  tailwindcss/enforces-shorthand

src\components\Content\EmployeeProfile.jsx
  Line 29:13:  Classnames 'w-32, h-32' could be replaced by the 'size-32' shorthand!  tailwindcss/enforces-shorthand

src\components\Content\ExpenseTracking.jsx
  Line 37:10:  Classnames 'w-full, h-full' could be replaced by the 'size-full' shorthand!  tailwindcss/enforces-shorthand

src\components\Content\FinancialDashboard.jsx
  Line 42:10:  Classnames 'w-full, h-full' could be replaced by the 'size-full' shorthand!  tailwindcss/enforces-shorthand

src\components\Content\Incidents.jsx
  Line 3:10:   'Label' is defined but never used                                            no-unused-vars
  Line 8:10:   Classnames 'w-full, h-full' could be replaced by the 'size-full' shorthand!  tailwindcss/enforces-shorthand
  Line 8:10:   Classnames 'p-5, pt-5' could be replaced by the 'p-5' shorthand!             tailwindcss/enforces-shorthand
  Line 12:18:  Classname 'text-muted-foreground' is not a Tailwind CSS class!               tailwindcss/no-custom-classname

src\components\Content\Inventrymgmt.jsx
  Line 3:10:  'saveAs' is defined but never used  no-unused-vars

src\components\Content\Invoice\Newinvoice.jsx
  Line 7:23:    'setInvoiceData' is assigned a value but never used                            no-unused-vars
  Line 80:12:   Expected '!==' and instead saw '!='                                            eqeqeq
  Line 84:12:   Expected '!==' and instead saw '!='                                            eqeqeq
  Line 88:12:   Expected '!==' and instead saw '!='                                            eqeqeq
  Line 92:12:   Expected '!==' and instead saw '!='                                            eqeqeq
  Line 96:12:   Expected '!==' and instead saw '!='                                            eqeqeq
  Line 97:16:   Expected '!==' and instead saw '!='                                            eqeqeq
  Line 196:10:  Classname 'bg-opacity-50' should be replaced by an opacity suffix (eg. '/50')  tailwindcss/migration-from-tailwind-2

src\components\Content\Modal.jsx
  Line 1:17:   'useEffect' is defined but never used                                          no-unused-vars
  Line 14:10:  Classname 'bg-opacity-50' should be replaced by an opacity suffix (eg. '/50')  tailwindcss/migration-from-tailwind-2

src\components\Content\NewAdmission.jsx
  Line 210:19:   Classname 'text-md' is not a Tailwind CSS class!                             tailwindcss/no-custom-classname
  Line 222:19:   Classname 'text-md' is not a Tailwind CSS class!                             tailwindcss/no-custom-classname
  Line 234:19:   Classname 'text-md' is not a Tailwind CSS class!                             tailwindcss/no-custom-classname
  Line 254:19:   Classname 'text-md' is not a Tailwind CSS class!                             tailwindcss/no-custom-classname
  Line 291:19:   Classname 'text-md' is not a Tailwind CSS class!                             tailwindcss/no-custom-classname
  Line 321:22:   Classnames 'w-40, h-40' could be replaced by the 'size-40' shorthand!        tailwindcss/enforces-shorthand
  Line 322:145:  Classnames 'w-full, h-full' could be replaced by the 'size-full' shorthand!  tailwindcss/enforces-shorthand

src\components\Content\Payout\Advancepayment.jsx
  Line 110:12:  Classname 'text-muted-foreground' is not a Tailwind CSS class!  tailwindcss/no-custom-classname

src\components\Content\Payout\PaymentHistory.jsx
  Line 39:5:    React Hook useMemo has a missing dependency: 'historyData'. Either include it or remove the dependency array                                                                                                                                                                                                                                                       react-hooks/exhaustive-deps
  Line 62:12:   Classname 'text-md' is not a Tailwind CSS class!                                                                                                                                                                                                                                                                                                                   tailwindcss/no-custom-classname
  Line 93:21:   The href attribute requires a valid value to be accessible. Provide a valid, navigable address as the href value. If you cannot provide a valid href, but still need the element to resemble a link, use a button and change it with appropriate styles. Learn more: https://github.com/jsx-eslint/eslint-plugin-jsx-a11y/blob/HEAD/docs/rules/anchor-is-valid.md  jsx-a11y/anchor-is-valid
  Line 101:21:  The href attribute requires a valid value to be accessible. Provide a valid, navigable address as the href value. If you cannot provide a valid href, but still need the element to resemble a link, use a button and change it with appropriate styles. Learn more: https://github.com/jsx-eslint/eslint-plugin-jsx-a11y/blob/HEAD/docs/rules/anchor-is-valid.md  jsx-a11y/anchor-is-valid

src\components\Content\Payout\PayrollReports.jsx
  Line 1:27:  'useMemo' is defined but never used    no-unused-vars
  Line 4:3:   'BarChart3' is defined but never used  no-unused-vars
  Line 5:3:   'Home' is defined but never used       no-unused-vars
  Line 7:3:   'Users' is defined but never used      no-unused-vars
  Line 8:3:   'FileText' is defined but never used   no-unused-vars
  Line 9:3:   'Settings' is defined but never used   no-unused-vars

src\components\Content\Payout\Salary.jsx
  Line 10:3:    'Select' is defined but never used                                                                     no-unused-vars
  Line 11:3:    'SelectContent' is defined but never used                                                              no-unused-vars
  Line 12:3:    'SelectItem' is defined but never used                                                                 no-unused-vars
  Line 13:3:    'SelectTrigger' is defined but never used                                                              no-unused-vars
  Line 14:3:    'SelectValue' is defined but never used                                                                no-unused-vars
  Line 47:6:    React Hook useMemo has a missing dependency: 'list'. Either include it or remove the dependency array  react-hooks/exhaustive-deps
  Line 55:6:    React Hook useMemo has a missing dependency: 'list'. Either include it or remove the dependency array  react-hooks/exhaustive-deps
  Line 64:14:   Classname 'text-muted-foreground' is not a Tailwind CSS class!                                         tailwindcss/no-custom-classname
  Line 85:18:   Classname 'text-muted-foreground' is not a Tailwind CSS class!                                         tailwindcss/no-custom-classname
  Line 133:24:  Classname 'text-muted-foreground' is not a Tailwind CSS class!                                         tailwindcss/no-custom-classname
  Line 134:24:  Classname 'text-muted-foreground' is not a Tailwind CSS class!                                         tailwindcss/no-custom-classname

src\components\Content\Payout\invoice.jsx
  Line 12:22:  'setDateSystem' is assigned a value but never used  no-unused-vars

src\components\Content\Performanceanalyt.jsx
  Line 2:15:   'Line' is defined but never used                                   no-unused-vars
  Line 30:27:  'setPerformanceData' is assigned a value but never used            no-unused-vars
  Line 65:11:  Classnames 'mx-2, my-2' could be replaced by the 'm-2' shorthand!  tailwindcss/enforces-shorthand

src\components\Content\PerformanceandEval.jsx
  Line 33:10:  Classnames 'w-full, h-full' could be replaced by the 'size-full' shorthand!  tailwindcss/enforces-shorthand

src\components\Content\Recruitmentmodule.jsx
  Line 32:10:  Classnames 'w-full, h-full' could be replaced by the 'size-full' shorthand!  tailwindcss/enforces-shorthand

src\components\Content\Salaryschedulemanagement.jsx
  Line 24:10:  Classnames 'w-full, h-full' could be replaced by the 'size-full' shorthand!  tailwindcss/enforces-shorthand

src\components\Content\ShiftScheduling.jsx
  Line 35:10:  Classnames 'w-full, h-full' could be replaced by the 'size-full' shorthand!  tailwindcss/enforces-shorthand

src\components\Content\Ssf.jsx
  Line 46:33:  The href attribute requires a valid value to be accessible. Provide a valid, navigable address as the href value. If you cannot provide a valid href, but still need the element to resemble a link, use a button and change it with appropriate styles. Learn more: https://github.com/jsx-eslint/eslint-plugin-jsx-a11y/blob/HEAD/docs/rules/anchor-is-valid.md  jsx-a11y/anchor-is-valid
  Line 49:34:  The href attribute requires a valid value to be accessible. Provide a valid, navigable address as the href value. If you cannot provide a valid href, but still need the element to resemble a link, use a button and change it with appropriate styles. Learn more: https://github.com/jsx-eslint/eslint-plugin-jsx-a11y/blob/HEAD/docs/rules/anchor-is-valid.md  jsx-a11y/anchor-is-valid
  Line 60:58:  Classname 'shadow-xs' is not a Tailwind CSS class!                                                                                                                                                                                                                                                                                                                 tailwindcss/no-custom-classname
  Line 60:58:  Classname 'dark:shadow-xs-light' is not a Tailwind CSS class!                                                                                                                                                                                                                                                                                                      tailwindcss/no-custom-classname
  Line 60:58:  Classname 'dark:placeholder-gray-400' should be updated to 'dark:placeholder:text-gray-400' in Tailwind CSS v3!                                                                                                                                                                                                                                                    tailwindcss/migration-from-tailwind-2
  Line 64:55:  Classname 'shadow-xs' is not a Tailwind CSS class!                                                                                                                                                                                                                                                                                                                 tailwindcss/no-custom-classname
  Line 64:55:  Classname 'dark:shadow-xs-light' is not a Tailwind CSS class!                                                                                                                                                                                                                                                                                                      tailwindcss/no-custom-classname
  Line 64:55:  Classname 'dark:placeholder-gray-400' should be updated to 'dark:placeholder:text-gray-400' in Tailwind CSS v3!                                                                                                                                                                                                                                                    tailwindcss/migration-from-tailwind-2
  Line 68:58:  Classname 'shadow-xs' is not a Tailwind CSS class!                                                                                                                                                                                                                                                                                                                 tailwindcss/no-custom-classname
  Line 68:58:  Classname 'dark:shadow-xs-light' is not a Tailwind CSS class!                                                                                                                                                                                                                                                                                                      tailwindcss/no-custom-classname
  Line 68:58:  Classname 'dark:placeholder-gray-400' should be updated to 'dark:placeholder:text-gray-400' in Tailwind CSS v3!                                                                                                                                                                                                                                                    tailwindcss/migration-from-tailwind-2
  Line 72:59:  Classname 'shadow-xs' is not a Tailwind CSS class!                                                                                                                                                                                                                                                                                                                 tailwindcss/no-custom-classname
  Line 72:59:  Classname 'dark:shadow-xs-light' is not a Tailwind CSS class!                                                                                                                                                                                                                                                                                                      tailwindcss/no-custom-classname
  Line 72:59:  Classname 'dark:placeholder-gray-400' should be updated to 'dark:placeholder:text-gray-400' in Tailwind CSS v3!                                                                                                                                                                                                                                                    tailwindcss/migration-from-tailwind-2
  Line 72:59:  The arbitrary class 'w-[100%]' could be replaced by 'w-full'                                                                                                                                                                                                                                                                                                       tailwindcss/no-unnecessary-arbitrary-value

src\components\Content\Staff\Stafflist.jsx
  Line 20:9:    The 'handleTerminate' function makes the dependencies of useEffect Hook (at line 33) change on every render. To fix this, wrap the definition of 'handleTerminate' in its own useCallback() Hook  react-hooks/exhaustive-deps
  Line 23:13:   'response' is assigned a value but never used                                                                                                                                                     no-unused-vars
  Line 56:10:   Classnames 'w-full, h-full' could be replaced by the 'size-full' shorthand!                                                                                                                       tailwindcss/enforces-shorthand
  Line 158:9:   Classnames 'h-8, w-8' could be replaced by the 'size-8' shorthand!                                                                                                                                tailwindcss/enforces-shorthand
  Line 180:11:  Classnames 'h-32, w-32' could be replaced by the 'size-32' shorthand!                                                                                                                             tailwindcss/enforces-shorthand
  Line 237:13:  Using target="_blank" without rel="noreferrer" (which implies rel="noopener") is a security risk in older browsers: see https://mathiasbynens.github.io/rel-noopener/#recommendations             react/jsx-no-target-blank

src\components\Content\Tax_deduction.jsx
  Line 20:10:  Classnames 'w-full, h-full' could be replaced by the 'size-full' shorthand!  tailwindcss/enforces-shorthand

src\components\Content\TrainingFeetab.jsx
  Line 36:17:  Classnames 'px-2, py-2' could be replaced by the 'p-2' shorthand!                                                                                                                      tailwindcss/enforces-shorthand
  Line 37:17:  Classnames 'px-2, py-2' could be replaced by the 'p-2' shorthand!                                                                                                                      tailwindcss/enforces-shorthand
  Line 38:17:  Classnames 'px-2, py-2' could be replaced by the 'p-2' shorthand!                                                                                                                      tailwindcss/enforces-shorthand
  Line 39:17:  Classnames 'px-2, py-2' could be replaced by the 'p-2' shorthand!                                                                                                                      tailwindcss/enforces-shorthand
  Line 40:17:  Classnames 'px-2, py-2' could be replaced by the 'p-2' shorthand!                                                                                                                      tailwindcss/enforces-shorthand
  Line 41:17:  Classnames 'px-2, py-2' could be replaced by the 'p-2' shorthand!                                                                                                                      tailwindcss/enforces-shorthand
  Line 49:21:  Classnames 'px-2, py-2' could be replaced by the 'p-2' shorthand!                                                                                                                      tailwindcss/enforces-shorthand
  Line 50:21:  Classnames 'px-2, py-2' could be replaced by the 'p-2' shorthand!                                                                                                                      tailwindcss/enforces-shorthand
  Line 51:21:  Classnames 'px-2, py-2' could be replaced by the 'p-2' shorthand!                                                                                                                      tailwindcss/enforces-shorthand
  Line 53:21:  Classnames 'px-2, py-2' could be replaced by the 'p-2' shorthand!                                                                                                                      tailwindcss/enforces-shorthand
  Line 55:21:  Using target="_blank" without rel="noreferrer" (which implies rel="noopener") is a security risk in older browsers: see https://mathiasbynens.github.io/rel-noopener/#recommendations  react/jsx-no-target-blank
  Line 67:21:  Classnames 'px-2, py-2' could be replaced by the 'p-2' shorthand!                                                                                                                      tailwindcss/enforces-shorthand
  Line 71:21:  Classnames 'px-2, py-2' could be replaced by the 'p-2' shorthand!                                                                                                                      tailwindcss/enforces-shorthand

src\components\Content\TrainingTrack.jsx
  Line 34:11:  Classnames 'mx-2, my-2' could be replaced by the 'm-2' shorthand!  tailwindcss/enforces-shorthand

src\components\Content\Trainingfeecoll.jsx
  Line 3:10:  'fetchVisitors' is defined but never used      no-unused-vars
  Line 6:10:  'visitors' is assigned a value but never used  no-unused-vars

src\components\Content\Visitorslog.jsx
  Line 189:11:  Classnames 'px-2, py-2' could be replaced by the 'p-2' shorthand!              tailwindcss/enforces-shorthand
  Line 200:11:  Classnames 'px-2, py-2' could be replaced by the 'p-2' shorthand!              tailwindcss/enforces-shorthand
  Line 435:21:  Classnames 'px-2, py-2' could be replaced by the 'p-2' shorthand!              tailwindcss/enforces-shorthand
  Line 436:21:  Classnames 'px-2, py-2' could be replaced by the 'p-2' shorthand!              tailwindcss/enforces-shorthand
  Line 437:21:  Classnames 'px-2, py-2' could be replaced by the 'p-2' shorthand!              tailwindcss/enforces-shorthand
  Line 438:21:  Classnames 'px-2, py-2' could be replaced by the 'p-2' shorthand!              tailwindcss/enforces-shorthand
  Line 439:21:  Classnames 'px-2, py-2' could be replaced by the 'p-2' shorthand!              tailwindcss/enforces-shorthand
  Line 440:21:  Classnames 'px-2, py-2' could be replaced by the 'p-2' shorthand!              tailwindcss/enforces-shorthand
  Line 441:21:  Classnames 'px-2, py-2' could be replaced by the 'p-2' shorthand!              tailwindcss/enforces-shorthand
  Line 442:21:  Classnames 'px-2, py-2' could be replaced by the 'p-2' shorthand!              tailwindcss/enforces-shorthand
  Line 443:21:  Classnames 'px-2, py-2' could be replaced by the 'p-2' shorthand!              tailwindcss/enforces-shorthand
  Line 444:21:  Classnames 'px-2, py-2' could be replaced by the 'p-2' shorthand!              tailwindcss/enforces-shorthand
  Line 451:23:  Classnames 'px-2, py-2' could be replaced by the 'p-2' shorthand!              tailwindcss/enforces-shorthand
  Line 452:23:  Classnames 'px-2, py-2' could be replaced by the 'p-2' shorthand!              tailwindcss/enforces-shorthand
  Line 453:23:  Classnames 'px-2, py-2' could be replaced by the 'p-2' shorthand!              tailwindcss/enforces-shorthand
  Line 454:23:  Classnames 'px-2, py-2' could be replaced by the 'p-2' shorthand!              tailwindcss/enforces-shorthand
  Line 455:23:  Classnames 'px-2, py-2' could be replaced by the 'p-2' shorthand!              tailwindcss/enforces-shorthand
  Line 456:23:  Classnames 'px-2, py-2' could be replaced by the 'p-2' shorthand!              tailwindcss/enforces-shorthand
  Line 457:23:  Classnames 'px-2, py-2' could be replaced by the 'p-2' shorthand!              tailwindcss/enforces-shorthand
  Line 458:23:  Classnames 'px-2, py-2' could be replaced by the 'p-2' shorthand!              tailwindcss/enforces-shorthand
  Line 459:23:  Classnames 'px-2, py-2' could be replaced by the 'p-2' shorthand!              tailwindcss/enforces-shorthand
  Line 473:23:  Classnames 'px-2, py-2' could be replaced by the 'p-2' shorthand!              tailwindcss/enforces-shorthand
  Line 476:23:  Classname 'disabled' is not a Tailwind CSS class!                              tailwindcss/no-custom-classname
  Line 476:23:  Classname 'disabled' is not a Tailwind CSS class!                              tailwindcss/no-custom-classname
  Line 524:14:  Classname 'bg-opacity-50' should be replaced by an opacity suffix (eg. '/50')  tailwindcss/migration-from-tailwind-2
  Line 535:17:  Classnames 'px-2, py-2' could be replaced by the 'p-2' shorthand!              tailwindcss/enforces-shorthand
  Line 542:17:  Classnames 'px-2, py-2' could be replaced by the 'p-2' shorthand!              tailwindcss/enforces-shorthand
  Line 566:17:  Classnames 'px-2, py-2' could be replaced by the 'p-2' shorthand!              tailwindcss/enforces-shorthand
  Line 577:14:  Classname 'bg-opacity-50' should be replaced by an opacity suffix (eg. '/50')  tailwindcss/migration-from-tailwind-2

src\components\Content\Waitingaccept.jsx
  Line 80:10:   Classname 'bg-opacity-50' should be replaced by an opacity suffix (eg. '/50')  tailwindcss/migration-from-tailwind-2
  Line 90:72:   Classnames 'mx-2, my-2' could be replaced by the 'm-2' shorthand!              tailwindcss/enforces-shorthand
  Line 96:74:   Classnames 'mx-2, my-2' could be replaced by the 'm-2' shorthand!              tailwindcss/enforces-shorthand
  Line 103:78:  Classnames 'mx-2, my-2' could be replaced by the 'm-2' shorthand!              tailwindcss/enforces-shorthand
  Line 103:78:  The arbitrary class 'w-[80%]' could be replaced by 'w-4/5'                     tailwindcss/no-unnecessary-arbitrary-value
  Line 113:16:  Classname 'shadow-xs' is not a Tailwind CSS class!                             tailwindcss/no-custom-classname
  Line 128:81:  Classnames 'mx-2, my-2' could be replaced by the 'm-2' shorthand!              tailwindcss/enforces-shorthand
  Line 128:81:  The arbitrary class 'w-[80%]' could be replaced by 'w-4/5'                     tailwindcss/no-unnecessary-arbitrary-value
  Line 129:88:  Classnames 'mx-2, my-2' could be replaced by the 'm-2' shorthand!              tailwindcss/enforces-shorthand
  Line 145:87:  Classnames 'mx-2, my-2' could be replaced by the 'm-2' shorthand!              tailwindcss/enforces-shorthand
  Line 151:84:  Classnames 'mx-2, my-2' could be replaced by the 'm-2' shorthand!              tailwindcss/enforces-shorthand
  Line 167:83:  Classnames 'mx-2, my-2' could be replaced by the 'm-2' shorthand!              tailwindcss/enforces-shorthand
  Line 178:78:  Classnames 'mx-2, my-2' could be replaced by the 'm-2' shorthand!              tailwindcss/enforces-shorthand
  Line 183:83:  Classnames 'mx-2, my-2' could be replaced by the 'm-2' shorthand!              tailwindcss/enforces-shorthand
  Line 184:90:  Classnames 'mx-2, my-2' could be replaced by the 'm-2' shorthand!              tailwindcss/enforces-shorthand
  Line 200:89:  Classnames 'mx-2, my-2' could be replaced by the 'm-2' shorthand!              tailwindcss/enforces-shorthand
  Line 206:86:  Classnames 'mx-2, my-2' could be replaced by the 'm-2' shorthand!              tailwindcss/enforces-shorthand
  Line 222:85:  Classnames 'mx-2, my-2' could be replaced by the 'm-2' shorthand!              tailwindcss/enforces-shorthand
  Line 235:72:  Classnames 'mx-2, my-2' could be replaced by the 'm-2' shorthand!              tailwindcss/enforces-shorthand
  Line 236:82:  Classnames 'mx-2, my-2' could be replaced by the 'm-2' shorthand!              tailwindcss/enforces-shorthand

src\components\Content\Waitingdetails.jsx
  Line 2:8:    'Modalhire' is defined but never used                                          no-unused-vars
  Line 26:10:  Classname 'bg-opacity-50' should be replaced by an opacity suffix (eg. '/50')  tailwindcss/migration-from-tailwind-2

src\components\Content\Waitingform.jsx
  Line 28:19:  Classname 'w-1/10' is not a Tailwind CSS class!                    tailwindcss/no-custom-classname
  Line 29:19:  Classname 'w-3/10' is not a Tailwind CSS class!                    tailwindcss/no-custom-classname
  Line 30:19:  Classname 'w-2/10' is not a Tailwind CSS class!                    tailwindcss/no-custom-classname
  Line 31:19:  Classname 'w-3/10' is not a Tailwind CSS class!                    tailwindcss/no-custom-classname
  Line 32:19:  Classname 'w-2/10' is not a Tailwind CSS class!                    tailwindcss/no-custom-classname
  Line 33:19:  Classname 'w-1/10' is not a Tailwind CSS class!                    tailwindcss/no-custom-classname
  Line 34:19:  Classname 'w-1/10' is not a Tailwind CSS class!                    tailwindcss/no-custom-classname
  Line 40:21:  Classnames 'px-2, py-2' could be replaced by the 'p-2' shorthand!  tailwindcss/enforces-shorthand

src\components\Content\calenderview.jsx
  Line 25:15:  Classname 'text-md' is not a Tailwind CSS class!  tailwindcss/no-custom-classname

src\components\Content\message.jsx
  Line 78:17:  Classnames 'h-3, w-3' could be replaced by the 'size-3' shorthand!  tailwindcss/enforces-shorthand

src\components\Dashboard\Dashboard.jsx
  Line 143:22:  The arbitrary class 'min-h-[100dvh]' could be replaced by 'min-h-dvh'  tailwindcss/no-unnecessary-arbitrary-value
  Line 146:8:   Classname 'g-0' is not a Tailwind CSS class!                           tailwindcss/no-custom-classname
  Line 153:8:   Classname 'g-4' is not a Tailwind CSS class!                           tailwindcss/no-custom-classname

src\components\Hooks\Context\AuthContext.jsx
  Line 1:25:  'useState' is defined but never used  no-unused-vars

src\components\Hooks\Context\AuthProvider.jsx
  Line 1:19:  'useEffect' is defined but never used  no-unused-vars

src\components\Loading\Loading.jsx
  Line 5:10:  Classnames 'w-full, h-full' could be replaced by the 'size-full' shorthand!  tailwindcss/enforces-shorthand
  Line 7:37:  Classnames 'w-8, h-8' could be replaced by the 'size-8' shorthand!           tailwindcss/enforces-shorthand

src\components\Login\Login.jsx
  Line 69:13:   Classname 'dark:placeholder-gray-400' should be updated to 'dark:placeholder:text-gray-400' in Tailwind CSS v3!  tailwindcss/migration-from-tailwind-2
  Line 85:13:   Classname 'dark:placeholder-gray-400' should be updated to 'dark:placeholder:text-gray-400' in Tailwind CSS v3!  tailwindcss/migration-from-tailwind-2
  Line 101:15:  Classname 'focus:ring-3' is not a Tailwind CSS class!                                                            tailwindcss/no-custom-classname
  Line 101:15:  Classnames 'w-4, h-4' could be replaced by the 'size-4' shorthand!                                               tailwindcss/enforces-shorthand

src\components\Navbar\navbar.jsx
  Line 15:11:   The href attribute requires a valid value to be accessible. Provide a valid, navigable address as the href value. If you cannot provide a valid href, but still need the element to resemble a link, use a button and change it with appropriate styles. Learn more: https://github.com/jsx-eslint/eslint-plugin-jsx-a11y/blob/HEAD/docs/rules/anchor-is-valid.md  jsx-a11y/anchor-is-valid
  Line 69:25:   Classnames 'w-10, h-10' could be replaced by the 'size-10' shorthand!                                                                                                                                                                                                                                                                                              tailwindcss/enforces-shorthand
  Line 74:33:   Classnames 'w-full, h-full' could be replaced by the 'size-full' shorthand!                                                                                                                                                                                                                                                                                        tailwindcss/enforces-shorthand
  Line 97:15:   The href attribute requires a valid value to be accessible. Provide a valid, navigable address as the href value. If you cannot provide a valid href, but still need the element to resemble a link, use a button and change it with appropriate styles. Learn more: https://github.com/jsx-eslint/eslint-plugin-jsx-a11y/blob/HEAD/docs/rules/anchor-is-valid.md  jsx-a11y/anchor-is-valid
  Line 109:15:  Classnames 'w-10, h-10' could be replaced by the 'size-10' shorthand!                                                                                                                                                                                                                                                                                              tailwindcss/enforces-shorthand

src\components\Register\Register.jsx
  Line 15:48:   Classname 'shadow-xs' is not a Tailwind CSS class!                                                                                                                                                                                                                                                                                                                 tailwindcss/no-custom-classname
  Line 15:48:   Classname 'dark:shadow-xs-light' is not a Tailwind CSS class!                                                                                                                                                                                                                                                                                                      tailwindcss/no-custom-classname
  Line 15:48:   Classname 'dark:placeholder-gray-400' should be updated to 'dark:placeholder:text-gray-400' in Tailwind CSS v3!                                                                                                                                                                                                                                                    tailwindcss/migration-from-tailwind-2
  Line 20:48:   Classname 'shadow-xs' is not a Tailwind CSS class!                                                                                                                                                                                                                                                                                                                 tailwindcss/no-custom-classname
  Line 20:48:   Classname 'dark:shadow-xs-light' is not a Tailwind CSS class!                                                                                                                                                                                                                                                                                                      tailwindcss/no-custom-classname
  Line 20:48:   Classname 'dark:placeholder-gray-400' should be updated to 'dark:placeholder:text-gray-400' in Tailwind CSS v3!                                                                                                                                                                                                                                                    tailwindcss/migration-from-tailwind-2
  Line 26:44:   Classname 'shadow-xs' is not a Tailwind CSS class!                                                                                                                                                                                                                                                                                                                 tailwindcss/no-custom-classname
  Line 26:44:   Classname 'dark:shadow-xs-light' is not a Tailwind CSS class!                                                                                                                                                                                                                                                                                                      tailwindcss/no-custom-classname
  Line 26:44:   Classname 'dark:placeholder-gray-400' should be updated to 'dark:placeholder:text-gray-400' in Tailwind CSS v3!                                                                                                                                                                                                                                                    tailwindcss/migration-from-tailwind-2
  Line 35:30:   Classnames 'w-4, h-4' could be replaced by the 'size-4' shorthand!                                                                                                                                                                                                                                                                                                 tailwindcss/enforces-shorthand
  Line 45:42:   Classname 'dark:placeholder-gray-400' should be updated to 'dark:placeholder:text-gray-400' in Tailwind CSS v3!                                                                                                                                                                                                                                                    tailwindcss/migration-from-tailwind-2
  Line 57:50:   Classname 'shadow-xs' is not a Tailwind CSS class!                                                                                                                                                                                                                                                                                                                 tailwindcss/no-custom-classname
  Line 57:50:   Classname 'dark:shadow-xs-light' is not a Tailwind CSS class!                                                                                                                                                                                                                                                                                                      tailwindcss/no-custom-classname
  Line 57:50:   Classname 'dark:placeholder-gray-400' should be updated to 'dark:placeholder:text-gray-400' in Tailwind CSS v3!                                                                                                                                                                                                                                                    tailwindcss/migration-from-tailwind-2
  Line 61:57:   Classname 'shadow-xs' is not a Tailwind CSS class!                                                                                                                                                                                                                                                                                                                 tailwindcss/no-custom-classname
  Line 61:57:   Classname 'dark:shadow-xs-light' is not a Tailwind CSS class!                                                                                                                                                                                                                                                                                                      tailwindcss/no-custom-classname
  Line 61:57:   Classname 'dark:placeholder-gray-400' should be updated to 'dark:placeholder:text-gray-400' in Tailwind CSS v3!                                                                                                                                                                                                                                                    tailwindcss/migration-from-tailwind-2
  Line 65:56:   Classname 'focus:ring-3' is not a Tailwind CSS class!                                                                                                                                                                                                                                                                                                              tailwindcss/no-custom-classname
  Line 65:56:   Classnames 'w-4, h-4' could be replaced by the 'size-4' shorthand!                                                                                                                                                                                                                                                                                                 tailwindcss/enforces-shorthand
  Line 67:123:  The href attribute requires a valid value to be accessible. Provide a valid, navigable address as the href value. If you cannot provide a valid href, but still need the element to resemble a link, use a button and change it with appropriate styles. Learn more: https://github.com/jsx-eslint/eslint-plugin-jsx-a11y/blob/HEAD/docs/rules/anchor-is-valid.md  jsx-a11y/anchor-is-valid

Search for the keywords to learn more about each warning.
To ignore, add // eslint-disable-next-line to the line before.

File sizes after gzip:

  871.2 kB  build\static\js\main.b55bc7ec.js
  51.53 kB  build\static\css\main.1b1c66f9.css
  46.39 kB  build\static\js\239.98687951.chunk.js
  43.04 kB  build\static\js\455.c68c31d7.chunk.js
  8.7 kB    build\static\js\977.c4bc31eb.chunk.js

The bundle size is significantly larger than recommended.
Consider reducing it with code splitting: https://goo.gl/9VhYWB
You can also analyze the project dependencies: https://goo.gl/LeUzfb

The project was built assuming it is hosted at /.
You can control this with the homepage field in your package.json.

The build folder is ready to be deployed.
You may serve it with a static server:

  serve -s build

Find out more about deployment here:

  https://cra.link/deployment

